=== 2026-09-30 14:53:05 ===
1. Método captcha() llamado
2. GD cargado: SÍ
3. Sesión iniciada. Status: 2
4. Código generado: MEZD5
5. Código guardado en sesión
6. Imagen generada. Tamaño: 2799 bytes
7. Headers enviados. Output buffer level: 1
8. Imagen enviada al navegador
=== 2026-09-30 14:54:31 ===
1. Método captcha() llamado
2. GD cargado: SÍ
3. Sesión iniciada. Status: 2
4. Código generado: KBWW8
5. Código guardado en sesión
6. Imagen generada. Tamaño: 2779 bytes
7. Headers enviados. Output buffer level: 1
8. Imagen enviada al navegador
=== 2026-09-30 14:55:06 ===
1. Método captcha() llamado
2. GD cargado: SÍ
3. Sesión iniciada. Status: 2
4. Código generado: KHT5U
5. Código guardado en sesión
6. Imagen generada. Tamaño: 2643 bytes
7. Headers enviados. Output buffer level: 1
8. Imagen enviada al navegador
=== 2026-09-30 14:56:26 ===
1. Método captcha() llamado
2. GD cargado: SÍ
3. Sesión iniciada. Status: 2
4. Código generado: 2S3ND
5. Código guardado en sesión
6. Imagen generada. Tamaño: 2872 bytes
7. Headers enviados. Output buffer level: 1
8. Imagen enviada al navegador
=== 2026-09-30 14:56:27 ===
1. Método captcha() llamado
2. GD cargado: SÍ
3. Sesión iniciada. Status: 2
4. Código generado: RWN5R
5. Código guardado en sesión
6. Imagen generada. Tamaño: 2854 bytes
7. Headers enviados. Output buffer level: 1
8. Imagen enviada al navegador
=== 2026-09-30 14:56:27 ===
1. Método captcha() llamado
2. GD cargado: SÍ
3. Sesión iniciada. Status: 2
4. Código generado: DKMG6
5. Código guardado en sesión
6. Imagen generada. Tamaño: 3022 bytes
7. Headers enviados. Output buffer level: 1
8. Imagen enviada al navegador
=== 2026-09-30 14:56:27 ===
1. Método captcha() llamado
2. GD cargado: SÍ
3. Sesión iniciada. Status: 2
4. Código generado: NREUW
5. Código guardado en sesión
6. Imagen generada. Tamaño: 3347 bytes
7. Headers enviados. Output buffer level: 1
8. Imagen enviada al navegador
=== 2026-09-30 14:56:27 ===
1. Método captcha() llamado
2. GD cargado: SÍ
3. Sesión iniciada. Status: 2
4. Código generado: B9Z6K
5. Código guardado en sesión
6. Imagen generada. Tamaño: 3160 bytes
7. Headers enviados. Output buffer level: 1
8. Imagen enviada al navegador
=== 2026-09-30 14:56:28 ===
1. Método captcha() llamado
2. GD cargado: SÍ
3. Sesión iniciada. Status: 2
4. Código generado: 8TEYV
5. Código guardado en sesión
6. Imagen generada. Tamaño: 3102 bytes
7. Headers enviados. Output buffer level: 1
8. Imagen enviada al navegador
=== 2026-09-30 14:56:28 ===
1. Método captcha() llamado
2. GD cargado: SÍ
3. Sesión iniciada. Status: 2
4. Código generado: 3JK75
5. Código guardado en sesión
6. Imagen generada. Tamaño: 2705 bytes
7. Headers enviados. Output buffer level: 1
8. Imagen enviada al navegador
=== 2026-09-30 14:56:28 ===
1. Método captcha() llamado
2. GD cargado: SÍ
3. Sesión iniciada. Status: 2
4. Código generado: 696R3
5. Código guardado en sesión
6. Imagen generada. Tamaño: 3013 bytes
7. Headers enviados. Output buffer level: 1
8. Imagen enviada al navegador
=== 2026-09-30 14:56:31 ===
1. Método captcha() llamado
2. GD cargado: SÍ
3. Sesión iniciada. Status: 2
4. Código generado: NF9ZN
5. Código guardado en sesión
6. Imagen generada. Tamaño: 2804 bytes
7. Headers enviados. Output buffer level: 1
8. Imagen enviada al navegador
=== 2026-09-30 15:24:57 ===
1. Método captcha() llamado
2. GD cargado: SÍ
3. Sesión iniciada. Status: 2
4. Código generado: T8FWY
5. Código guardado en sesión
6. Imagen generada. Tamaño: 4543 bytes
7. Headers enviados. Output buffer level: 1
8. Imagen enviada al navegador
=== 2026-09-30 15:24:58 ===
1. Método captcha() llamado
2. GD cargado: SÍ
3. Sesión iniciada. Status: 2
4. Código generado: B3399
5. Código guardado en sesión
6. Imagen generada. Tamaño: 3954 bytes
7. Headers enviados. Output buffer level: 1
8. Imagen enviada al navegador
=== 2026-09-30 15:24:59 ===
1. Método captcha() llamado
2. GD cargado: SÍ
3. Sesión iniciada. Status: 2
4. Código generado: GN9T3
5. Código guardado en sesión
6. Imagen generada. Tamaño: 4326 bytes
7. Headers enviados. Output buffer level: 1
8. Imagen enviada al navegador
=== 2026-09-30 15:24:59 ===
1. Método captcha() llamado
2. GD cargado: SÍ
3. Sesión iniciada. Status: 2
4. Código generado: N2NYR
5. Código guardado en sesión
6. Imagen generada. Tamaño: 4864 bytes
7. Headers enviados. Output buffer level: 1
8. Imagen enviada al navegador
=== 2026-09-30 15:25:00 ===
1. Método captcha() llamado
2. GD cargado: SÍ
3. Sesión iniciada. Status: 2
4. Código generado: J7UHX
5. Código guardado en sesión
6. Imagen generada. Tamaño: 4576 bytes
7. Headers enviados. Output buffer level: 1
8. Imagen enviada al navegador
=== 2026-09-30 15:25:00 ===
1. Método captcha() llamado
2. GD cargado: SÍ
3. Sesión iniciada. Status: 2
4. Código generado: 7UGZF
5. Código guardado en sesión
6. Imagen generada. Tamaño: 4564 bytes
7. Headers enviados. Output buffer level: 1
8. Imagen enviada al navegador
=== 2026-09-30 15:25:00 ===
1. Método captcha() llamado
2. GD cargado: SÍ
3. Sesión iniciada. Status: 2
4. Código generado: UC6C5
5. Código guardado en sesión
6. Imagen generada. Tamaño: 4488 bytes
7. Headers enviados. Output buffer level: 1
8. Imagen enviada al navegador
=== 2026-09-30 15:25:00 ===
1. Método captcha() llamado
2. GD cargado: SÍ
3. Sesión iniciada. Status: 2
4. Código generado: 8W5A9
5. Código guardado en sesión
6. Imagen generada. Tamaño: 4407 bytes
7. Headers enviados. Output buffer level: 1
8. Imagen enviada al navegador
=== 2026-09-30 15:25:01 ===
1. Método captcha() llamado
2. GD cargado: SÍ
3. Sesión iniciada. Status: 2
4. Código generado: E9YDF
5. Código guardado en sesión
6. Imagen generada. Tamaño: 4456 bytes
7. Headers enviados. Output buffer level: 1
8. Imagen enviada al navegador
=== 2026-09-30 15:25:01 ===
1. Método captcha() llamado
2. GD cargado: SÍ
3. Sesión iniciada. Status: 2
4. Código generado: 4TKWP
5. Código guardado en sesión
6. Imagen generada. Tamaño: 4322 bytes
7. Headers enviados. Output buffer level: 1
8. Imagen enviada al navegador
=== 2026-09-30 15:25:01 ===
1. Método captcha() llamado
2. GD cargado: SÍ
3. Sesión iniciada. Status: 2
4. Código generado: V5TKW
5. Código guardado en sesión
6. Imagen generada. Tamaño: 4639 bytes
7. Headers enviados. Output buffer level: 1
8. Imagen enviada al navegador
=== 2026-09-30 15:25:01 ===
1. Método captcha() llamado
2. GD cargado: SÍ
3. Sesión iniciada. Status: 2
4. Código generado: RK8K3
5. Código guardado en sesión
6. Imagen generada. Tamaño: 4375 bytes
7. Headers enviados. Output buffer level: 1
8. Imagen enviada al navegador
=== 2026-09-30 15:25:02 ===
1. Método captcha() llamado
2. GD cargado: SÍ
3. Sesión iniciada. Status: 2
4. Código generado: 965XQ
5. Código guardado en sesión
6. Imagen generada. Tamaño: 4460 bytes
7. Headers enviados. Output buffer level: 1
8. Imagen enviada al navegador
=== 2026-09-30 15:25:02 ===
1. Método captcha() llamado
2. GD cargado: SÍ
3. Sesión iniciada. Status: 2
4. Código generado: HS4K5
5. Código guardado en sesión
6. Imagen generada. Tamaño: 4374 bytes
7. Headers enviados. Output buffer level: 1
8. Imagen enviada al navegador
=== 2026-09-30 15:25:10 ===
1. Método captcha() llamado
2. GD cargado: SÍ
3. Sesión iniciada. Status: 2
4. Código generado: UNCSF
5. Código guardado en sesión
6. Imagen generada. Tamaño: 4694 bytes
7. Headers enviados. Output buffer level: 1
8. Imagen enviada al navegador
=== 2026-09-30 15:25:15 ===
1. Método captcha() llamado
2. GD cargado: SÍ
3. Sesión iniciada. Status: 2
4. Código generado: C75X6
5. Código guardado en sesión
6. Imagen generada. Tamaño: 4239 bytes
7. Headers enviados. Output buffer level: 1
8. Imagen enviada al navegador
=== 2026-09-30 15:25:16 ===
1. Método captcha() llamado
2. GD cargado: SÍ
3. Sesión iniciada. Status: 2
4. Código generado: CACM6
5. Código guardado en sesión
6. Imagen generada. Tamaño: 4552 bytes
7. Headers enviados. Output buffer level: 1
8. Imagen enviada al navegador
=== 2026-09-30 15:25:16 ===
1. Método captcha() llamado
2. GD cargado: SÍ
3. Sesión iniciada. Status: 2
4. Código generado: 2WNUA
5. Código guardado en sesión
6. Imagen generada. Tamaño: 4468 bytes
7. Headers enviados. Output buffer level: 1
8. Imagen enviada al navegador
=== 2026-09-30 15:28:51 ===
1. Método captcha() llamado
2. GD cargado: SÍ
3. Sesión iniciada. Status: 2
4. Código generado: YMWS5
5. Código guardado en sesión
6. Imagen generada. Tamaño: 4724 bytes
7. Headers enviados. Output buffer level: 1
8. Imagen enviada al navegador
=== 2026-09-30 15:28:52 ===
1. Método captcha() llamado
2. GD cargado: SÍ
3. Sesión iniciada. Status: 2
4. Código generado: ZGRYF
5. Código guardado en sesión
6. Imagen generada. Tamaño: 4695 bytes
7. Headers enviados. Output buffer level: 1
8. Imagen enviada al navegador
=== 2026-09-30 15:28:53 ===
1. Método captcha() llamado
2. GD cargado: SÍ
3. Sesión iniciada. Status: 2
4. Código generado: PXGHQ
5. Código guardado en sesión
6. Imagen generada. Tamaño: 4554 bytes
7. Headers enviados. Output buffer level: 1
8. Imagen enviada al navegador
=== 2026-09-30 15:28:53 ===
1. Método captcha() llamado
2. GD cargado: SÍ
3. Sesión iniciada. Status: 2
4. Código generado: 66B88
5. Código guardado en sesión
6. Imagen generada. Tamaño: 4678 bytes
7. Headers enviados. Output buffer level: 1
8. Imagen enviada al navegador
=== 2026-09-30 15:28:53 ===
1. Método captcha() llamado
2. GD cargado: SÍ
3. Sesión iniciada. Status: 2
4. Código generado: TTXG5
5. Código guardado en sesión
6. Imagen generada. Tamaño: 4493 bytes
7. Headers enviados. Output buffer level: 1
8. Imagen enviada al navegador
=== 2026-09-30 15:31:46 ===
1. Método captcha() llamado
2. GD cargado: SÍ
3. Sesión iniciada. Status: 2
4. Código generado: 7FXV6
5. Código guardado en sesión
6. Imagen generada. Tamaño: 4436 bytes
7. Headers enviados. Output buffer level: 1
8. Imagen enviada al navegador
=== 2026-09-30 15:31:51 ===
1. Método captcha() llamado
2. GD cargado: SÍ
3. Sesión iniciada. Status: 2
4. Código generado: 5XZN8
5. Código guardado en sesión
6. Imagen generada. Tamaño: 4446 bytes
7. Headers enviados. Output buffer level: 1
8. Imagen enviada al navegador
=== 2026-09-30 15:32:27 ===
1. Método captcha() llamado
2. GD cargado: SÍ
3. Sesión iniciada. Status: 2
4. Código generado: 2DAJM
5. Código guardado en sesión
6. Imagen generada. Tamaño: 4397 bytes
7. Headers enviados. Output buffer level: 1
8. Imagen enviada al navegador
=== 2026-09-30 15:32:42 ===
1. Método captcha() llamado
2. GD cargado: SÍ
3. Sesión iniciada. Status: 2
4. Código generado: P7WCH
5. Código guardado en sesión
6. Imagen generada. Tamaño: 4334 bytes
7. Headers enviados. Output buffer level: 1
8. Imagen enviada al navegador
=== 2026-09-30 15:33:10 ===
1. Método captcha() llamado
2. GD cargado: SÍ
3. Sesión iniciada. Status: 2
4. Código generado: ZRQFH
5. Código guardado en sesión
6. Imagen generada. Tamaño: 4832 bytes
7. Headers enviados. Output buffer level: 1
8. Imagen enviada al navegador
=== 2026-09-30 15:33:10 ===
1. Método captcha() llamado
2. GD cargado: SÍ
3. Sesión iniciada. Status: 2
4. Código generado: AQHF3
5. Código guardado en sesión
6. Imagen generada. Tamaño: 4675 bytes
7. Headers enviados. Output buffer level: 1
8. Imagen enviada al navegador
=== 2026-09-30 15:33:13 ===
1. Método captcha() llamado
2. GD cargado: SÍ
3. Sesión iniciada. Status: 2
4. Código generado: BTA84
5. Código guardado en sesión
6. Imagen generada. Tamaño: 4842 bytes
7. Headers enviados. Output buffer level: 1
8. Imagen enviada al navegador
=== 2026-09-30 15:33:39 ===
1. Método captcha() llamado
2. GD cargado: SÍ
3. Sesión iniciada. Status: 2
4. Código generado: QWV5J
5. Código guardado en sesión
6. Imagen generada. Tamaño: 4887 bytes
7. Headers enviados. Output buffer level: 1
8. Imagen enviada al navegador
=== 2026-09-30 15:34:33 ===
1. Método captcha() llamado
2. GD cargado: SÍ
3. Sesión iniciada. Status: 2
4. Código generado: NYVZS
5. Código guardado en sesión
6. Imagen generada. Tamaño: 5036 bytes
7. Headers enviados. Output buffer level: 1
8. Imagen enviada al navegador
=== 2026-09-30 15:34:36 ===
1. Método captcha() llamado
2. GD cargado: SÍ
3. Sesión iniciada. Status: 2
4. Código generado: F7YAR
5. Código guardado en sesión
6. Imagen generada. Tamaño: 5677 bytes
7. Headers enviados. Output buffer level: 1
8. Imagen enviada al navegador
=== 2026-09-30 15:34:36 ===
1. Método captcha() llamado
2. GD cargado: SÍ
3. Sesión iniciada. Status: 2
4. Código generado: K6TY6
5. Código guardado en sesión
6. Imagen generada. Tamaño: 5432 bytes
7. Headers enviados. Output buffer level: 1
8. Imagen enviada al navegador
=== 2026-09-30 15:34:41 ===
1. Método captcha() llamado
2. GD cargado: SÍ
3. Sesión iniciada. Status: 2
4. Código generado: V83GG
5. Código guardado en sesión
6. Imagen generada. Tamaño: 5322 bytes
7. Headers enviados. Output buffer level: 1
8. Imagen enviada al navegador
=== 2026-09-30 15:34:41 ===
1. Método captcha() llamado
2. GD cargado: SÍ
3. Sesión iniciada. Status: 2
4. Código generado: 7HZGJ
5. Código guardado en sesión
6. Imagen generada. Tamaño: 4823 bytes
7. Headers enviados. Output buffer level: 1
8. Imagen enviada al navegador
=== 2026-09-30 15:34:42 ===
1. Método captcha() llamado
2. GD cargado: SÍ
3. Sesión iniciada. Status: 2
4. Código generado: GWEDV
5. Código guardado en sesión
6. Imagen generada. Tamaño: 5424 bytes
7. Headers enviados. Output buffer level: 1
8. Imagen enviada al navegador
=== 2026-09-30 15:34:43 ===
1. Método captcha() llamado
2. GD cargado: SÍ
3. Sesión iniciada. Status: 2
4. Código generado: 7NAU5
5. Código guardado en sesión
6. Imagen generada. Tamaño: 5644 bytes
7. Headers enviados. Output buffer level: 1
8. Imagen enviada al navegador
=== 2026-09-30 15:34:43 ===
1. Método captcha() llamado
2. GD cargado: SÍ
3. Sesión iniciada. Status: 2
4. Código generado: 3R2A2
5. Código guardado en sesión
6. Imagen generada. Tamaño: 5951 bytes
7. Headers enviados. Output buffer level: 1
8. Imagen enviada al navegador
=== 2026-09-30 15:34:44 ===
1. Método captcha() llamado
2. GD cargado: SÍ
3. Sesión iniciada. Status: 2
4. Código generado: V572R
5. Código guardado en sesión
6. Imagen generada. Tamaño: 5445 bytes
7. Headers enviados. Output buffer level: 1
8. Imagen enviada al navegador
=== 2026-09-30 15:34:44 ===
1. Método captcha() llamado
2. GD cargado: SÍ
3. Sesión iniciada. Status: 2
4. Código generado: Y7ENV
5. Código guardado en sesión
6. Imagen generada. Tamaño: 5342 bytes
7. Headers enviados. Output buffer level: 1
8. Imagen enviada al navegador
=== 2026-09-30 15:35:03 ===
1. Método captcha() llamado
2. GD cargado: SÍ
3. Sesión iniciada. Status: 2
4. Código generado: RR636
5. Código guardado en sesión
6. Imagen generada. Tamaño: 5628 bytes
7. Headers enviados. Output buffer level: 1
8. Imagen enviada al navegador
=== 2026-09-30 15:38:13 ===
1. Método captcha() llamado
2. GD cargado: SÍ
3. Sesión iniciada. Status: 2
4. Código generado: FSQVZ
5. Código guardado en sesión
6. Imagen generada. Tamaño: 5386 bytes
7. Headers enviados. Output buffer level: 1
8. Imagen enviada al navegador
=== 2026-09-30 15:38:17 ===
1. Método captcha() llamado
2. GD cargado: SÍ
3. Sesión iniciada. Status: 2
4. Código generado: BA6WQ
5. Código guardado en sesión
6. Imagen generada. Tamaño: 5624 bytes
7. Headers enviados. Output buffer level: 1
8. Imagen enviada al navegador
=== 2026-09-30 15:39:11 ===
1. Método captcha() llamado
2. GD cargado: SÍ
3. Sesión iniciada. Status: 2
4. Código generado: 2P9S8
5. Código guardado en sesión
6. Imagen generada. Tamaño: 5432 bytes
7. Headers enviados. Output buffer level: 1
8. Imagen enviada al navegador
=== 2026-09-30 15:39:23 ===
1. Método captcha() llamado
2. GD cargado: SÍ
3. Sesión iniciada. Status: 2
4. Código generado: MTF4U
5. Código guardado en sesión
6. Imagen generada. Tamaño: 5477 bytes
7. Headers enviados. Output buffer level: 1
8. Imagen enviada al navegador
=== 2026-09-30 15:39:24 ===
1. Método captcha() llamado
2. GD cargado: SÍ
3. Sesión iniciada. Status: 2
4. Código generado: MGSN8
5. Código guardado en sesión
6. Imagen generada. Tamaño: 5675 bytes
7. Headers enviados. Output buffer level: 1
8. Imagen enviada al navegador
=== 2026-09-30 15:40:07 ===
1. Método captcha() llamado
2. GD cargado: SÍ
3. Sesión iniciada. Status: 2
4. Código generado: 6BHWG
5. Código guardado en sesión
6. Imagen generada. Tamaño: 5186 bytes
7. Headers enviados. Output buffer level: 1
8. Imagen enviada al navegador
=== 2026-09-30 15:40:10 ===
1. Método captcha() llamado
2. GD cargado: SÍ
3. Sesión iniciada. Status: 2
4. Código generado: PAPGG
5. Código guardado en sesión
6. Imagen generada. Tamaño: 5259 bytes
7. Headers enviados. Output buffer level: 1
8. Imagen enviada al navegador
=== 2026-09-30 15:40:14 ===
1. Método captcha() llamado
2. GD cargado: SÍ
3. Sesión iniciada. Status: 2
4. Código generado: TEU9U
5. Código guardado en sesión
6. Imagen generada. Tamaño: 5188 bytes
7. Headers enviados. Output buffer level: 1
8. Imagen enviada al navegador
=== 2026-09-30 15:44:08 ===
1. Método captcha() llamado
2. GD cargado: SÍ
3. Sesión iniciada. Status: 2
4. Código generado: 3ZK2Z
5. Código guardado en sesión
6. Imagen generada. Tamaño: 5441 bytes
7. Headers enviados. Output buffer level: 1
8. Imagen enviada al navegador
